cmudict-en-us.dict
digits.gram
en-phone.dmp
en-us-adapt-combined/README
en-us-adapt-combined/feat.params
en-us-adapt-combined/mdef.txt
en-us-adapt-combined/means
en-us-adapt-combined/mixture_weights
en-us-adapt-combined/noisedict
en-us-adapt-combined/sendump
en-us-adapt-combined/transition_matrices
en-us-adapt-combined/variances
en-us-adapt-kids/README
en-us-adapt-kids/feat.params
en-us-adapt-kids/mdef.txt
en-us-adapt-kids/means
en-us-adapt-kids/mixture_weights
en-us-adapt-kids/noisedict
en-us-adapt-kids/sendump
en-us-adapt-kids/transition_matrices
en-us-adapt-kids/variances
en-us-adapt-uaspeech/README
en-us-adapt-uaspeech/feat.params
en-us-adapt-uaspeech/mdef.txt
en-us-adapt-uaspeech/means
en-us-adapt-uaspeech/mixture_weights
en-us-adapt-uaspeech/noisedict
en-us-adapt-uaspeech/sendump
en-us-adapt-uaspeech/transition_matrices
en-us-adapt-uaspeech/variances
en-us-ptm/README
en-us-ptm/feat.params
en-us-ptm/mdef
en-us-ptm/means
en-us-ptm/noisedict
en-us-ptm/sendump
en-us-ptm/transition_matrices
en-us-ptm/variances
menu.gram
weather.dmp